
> defesa-civil-mobile@1.35.0 build
> vite build

[36mvite v6.4.1 [32mbuilding for production...[36m[39m
transforming...
[32mÔ£ô[39m 1672 modules transformed.

PWA v0.21.2
mode      generateSW
precache  9 entries (2465.65 KiB)
files generated
  dist/sw.js
  dist/workbox-8c29f6e4.js
node.exe : 
[31mÔ£ù[39m Build 
failed in 9.25s
No linha:1 
caractere:1
+ & "C:\Program Files
\nodejs/node.exe" 
"C:\Program 
Files\nodejs/node_mo 
...
+ ~~~~~~~~~~~~~~~~~~~
~~~~~~~~~~~~~~~~~~~~~
~~~~~~~~~~~~~~~~~~~~~
~~~~~~~~
    + CategoryInfo   
           : NotSpe  
  cified: ([31mÔ£   
 ù[39m Build fai    
led in 9.25s:Str    
ing) [], RemoteE    
xception
    + FullyQualified 
   ErrorId : Native  
  CommandError
 
[31merror during 
build:
[31m[vite-plugin-pwa
:build] [plugin vite-
plugin-pwa:build] src
/utils/permissions.js
: There was an error 
during the build:
  Could not resolve 
"./supabase" from "sr
c/utils/permissions.j
s"
Additionally, 
handling the error 
in the 'buildEnd' 
hook caused the 
following error:
  Could not resolve 
"./supabase" from "sr
c/utils/permissions.j
s"[31m
file: [36mC:/Users/u
ser/Desktop/DEFESA_CI
VIL_MOBILE/src/utils/
permissions.js[31m
    at 
getRollupError (file:
///C:/Users/user/Desk
top/DEFESA_CIVIL_MOBI
LE/node_modules/rollu
p/dist/es/shared/pars
eAst.js:401:41)
    at file:///C:/Use
rs/user/Desktop/DEFES
A_CIVIL_MOBILE/node_m
odules/rollup/dist/es
/shared/node-entry.js
:23418:39
    at async catchUnf
inishedHookActions (f
ile:///C:/Users/user/
Desktop/DEFESA_CIVIL_
MOBILE/node_modules/r
ollup/dist/es/shared/
node-entry.js:22876:1
6)
    at async 
rollupInternal (file:
///C:/Users/user/Desk
top/DEFESA_CIVIL_MOBI
LE/node_modules/rollu
p/dist/es/shared/node
-entry.js:23401:5)
    at async 
buildEnvironment (fil
e:///C:/Users/user/De
sktop/DEFESA_CIVIL_MO
BILE/node_modules/vit
e/dist/node/chunks/de
p-D4NMHUTW.js:46235:1
4)
    at async Object.d
efaultBuildApp [as 
buildApp] (file:///C:
/Users/user/Desktop/D
EFESA_CIVIL_MOBILE/no
de_modules/vite/dist/
node/chunks/dep-D4NMH
UTW.js:46713:5)
    at async 
CAC.<anonymous> (file
:///C:/Users/user/Des
ktop/DEFESA_CIVIL_MOB
ILE/node_modules/vite
/dist/node/cli.js:863
:7)[39m
