
> defesa-civil-mobile@1.2.0 build
> vite build

[36mvite v6.4.1 [32mbuilding for production...[36m[39m
transforming...
node.exe : [33m[plugin 
vite:esbuild] src/pages/Abri
gos/ShelterForm.jsx: 
[33mThe "||" operator here 
will always return the left 
operand[33m
No linha:1 caractere:1
+ & "C:\Program 
Files\nodejs/node.exe" 
"C:\Program 
Files\nodejs/node_mo ...
+ ~~~~~~~~~~~~~~~~~~~~~~~~~~
~~~~~~~~~~~~~~~~~~~~~~~~~~~~
~~~~~~~~~~~~~~~
    + CategoryInfo          
    : NotSpecifi    ed: 
([33m[plugin     vi...ft 
operand[3    3m:String) 
[], Rem    oteException
    + FullyQualifiedEr    
rorId : NativeComm    
andError
 
119|                        
              name="bairro"
120|                        
              
value={formData.bairro}
121|                        
              onFocus={() 
=> setLastFocusedField(e => 
'name' || e)} // Fallback 
approach if event doesn't 
work directly
   |                        
                            
                            
     ^
122|                        
              
onChange={handleChange}
123|                        
              
onFocusCapture={(e) => setLa
stFocusedField(e.target.name
)}
[39m
[33m[plugin vite:esbuild] s
rc/pages/Abrigos/ShelterForm
.jsx: [33mThe "||" 
operator here will always 
return the left operand[33m
129|                        
              
name="coordenadas"
130|                        
              
value={formData.coordenadas}
131|                        
              onFocus={() 
=> setLastFocusedField(e => 
'name' || e)} // Fallback 
approach if event doesn't 
work directly
   |                        
                            
                            
     ^
132|                        
              
onChange={handleChange}
133|                        
              
onFocusCapture={(e) => setLa
stFocusedField(e.target.name
)}
[39m
[32mÔ£ô[39m 1999 modules transformed.

PWA v0.21.2
mode      generateSW
precache  7 entries (2168.96 KiB)
files generated
  dist/sw.js
  dist/workbox-8c29f6e4.js
[31mÔ£ù[39m Build failed 
in 7.90s
[31merror during build:
[31m[vite-plugin-pwa:build]
 There was an error during 
the build:
  src/pages/Abrigos/Occupant
Form.jsx (8:9): 
"scanDocument" is not 
exported by "src/services/oc
rService.js", imported by "s
rc/pages/Abrigos/OccupantFor
m.jsx".
Additionally, handling the 
error in the 'buildEnd' 
hook caused the following 
error:
  src/pages/Abrigos/Occupant
Form.jsx (8:9): 
"scanDocument" is not 
exported by "src/services/oc
rService.js", imported by "s
rc/pages/Abrigos/OccupantFor
m.jsx".[31m
file: [36mC:/Users/user/Des
ktop/DEFESA_CIVIL_MOBILE/src
/pages/Abrigos/OccupantForm.
jsx:8:9[31m
[33m
6: import { Button } from '.
./../components/Shelter/ui/B
utton';
7: import { addOccupant, 
getShelterById, 
getOccupants, updateShelter 
} from 
'../../services/shelterDb';
8: import { scanDocument } 
from 
'../../services/ocrService';
            ^
9: import VoiceInput from '.
./../components/VoiceInput';
[31m
    at getRollupError (file:
///C:/Users/user/Desktop/DEF
ESA_CIVIL_MOBILE/node_module
s/rollup/dist/es/shared/pars
eAst.js:401:41)
    at file:///C:/Users/user
/Desktop/DEFESA_CIVIL_MOBILE
/node_modules/rollup/dist/es
/shared/node-entry.js:23418:
39
    at async 
catchUnfinishedHookActions (
file:///C:/Users/user/Deskto
p/DEFESA_CIVIL_MOBILE/node_m
odules/rollup/dist/es/shared
/node-entry.js:22876:16)
    at async rollupInternal 
(file:///C:/Users/user/Deskt
op/DEFESA_CIVIL_MOBILE/node_
modules/rollup/dist/es/share
d/node-entry.js:23401:5)
    at async 
buildEnvironment (file:///C:
/Users/user/Desktop/DEFESA_C
IVIL_MOBILE/node_modules/vit
e/dist/node/chunks/dep-D4NMH
UTW.js:46235:14)
    at async 
Object.defaultBuildApp [as 
buildApp] (file:///C:/Users/
user/Desktop/DEFESA_CIVIL_MO
BILE/node_modules/vite/dist/
node/chunks/dep-D4NMHUTW.js:
46713:5)
    at async 
CAC.<anonymous> (file:///C:/
Users/user/Desktop/DEFESA_CI
VIL_MOBILE/node_modules/vite
/dist/node/cli.js:863:7)[39
m
